------------------------------------------------------------
TimeQuest Timing Analyzer Summary
------------------------------------------------------------

Type  : Slow 1200mV 85C Model Setup 'clock'
Slack : -885.727
TNS   : -10698.440

Type  : Slow 1200mV 85C Model Setup 'altera_reserved_tck'
Slack : 45.875
TNS   : 0.000

Type  : Slow 1200mV 85C Model Hold 'altera_reserved_tck'
Slack : 0.342
TNS   : 0.000

Type  : Slow 1200mV 85C Model Hold 'clock'
Slack : 0.343
TNS   : 0.000

Type  : Slow 1200mV 85C Model Recovery 'clock'
Slack : 12.206
TNS   : 0.000

Type  : Slow 1200mV 85C Model Recovery 'altera_reserved_tck'
Slack : 47.932
TNS   : 0.000

Type  : Slow 1200mV 85C Model Removal 'altera_reserved_tck'
Slack : 1.570
TNS   : 0.000

Type  : Slow 1200mV 85C Model Removal 'clock'
Slack : 1.699
TNS   : 0.000

Type  : Slow 1200mV 85C Model Minimum Pulse Width 'clock'
Slack : 4.508
TNS   : 0.000

Type  : Slow 1200mV 85C Model Minimum Pulse Width 'altera_reserved_tck'
Slack : 49.628
TNS   : 0.000

Type  : Slow 1200mV 0C Model Setup 'clock'
Slack : -877.541
TNS   : -10575.356

Type  : Slow 1200mV 0C Model Setup 'altera_reserved_tck'
Slack : 46.140
TNS   : 0.000

Type  : Slow 1200mV 0C Model Hold 'altera_reserved_tck'
Slack : 0.308
TNS   : 0.000

Type  : Slow 1200mV 0C Model Hold 'clock'
Slack : 0.309
TNS   : 0.000

Type  : Slow 1200mV 0C Model Recovery 'clock'
Slack : 12.644
TNS   : 0.000

Type  : Slow 1200mV 0C Model Recovery 'altera_reserved_tck'
Slack : 48.103
TNS   : 0.000

Type  : Slow 1200mV 0C Model Removal 'altera_reserved_tck'
Slack : 1.432
TNS   : 0.000

Type  : Slow 1200mV 0C Model Removal 'clock'
Slack : 1.526
TNS   : 0.000

Type  : Slow 1200mV 0C Model Minimum Pulse Width 'clock'
Slack : 4.514
TNS   : 0.000

Type  : Slow 1200mV 0C Model Minimum Pulse Width 'altera_reserved_tck'
Slack : 49.645
TNS   : 0.000

Type  : Fast 1200mV 0C Model Setup 'clock'
Slack : -837.372
TNS   : -10047.977

Type  : Fast 1200mV 0C Model Setup 'altera_reserved_tck'
Slack : 48.425
TNS   : 0.000

Type  : Fast 1200mV 0C Model Hold 'clock'
Slack : -0.133
TNS   : -0.197

Type  : Fast 1200mV 0C Model Hold 'altera_reserved_tck'
Slack : 0.150
TNS   : 0.000

Type  : Fast 1200mV 0C Model Recovery 'clock'
Slack : 14.650
TNS   : 0.000

Type  : Fast 1200mV 0C Model Recovery 'altera_reserved_tck'
Slack : 49.319
TNS   : 0.000

Type  : Fast 1200mV 0C Model Removal 'altera_reserved_tck'
Slack : 0.674
TNS   : 0.000

Type  : Fast 1200mV 0C Model Removal 'clock'
Slack : 0.732
TNS   : 0.000

Type  : Fast 1200mV 0C Model Minimum Pulse Width 'clock'
Slack : 4.610
TNS   : 0.000

Type  : Fast 1200mV 0C Model Minimum Pulse Width 'altera_reserved_tck'
Slack : 49.426
TNS   : 0.000

------------------------------------------------------------
